[screen] 21 jobs, 6 slots (3/GPU), 20000 steps
[screen] start gpu0 A0_random seed=0  (1 running)
[screen] start gpu0 A0_bfs seed=0  (2 running)
[screen] start gpu0 G3_z256 seed=0  (3 running)
[screen] start gpu1 B1_k8 seed=0  (4 running)
[screen] start gpu1 B3_k8_short seed=0  (5 running)
[screen] start gpu1 C1_short seed=0  (6 running)
[screen] ok B1_k8 seed=0 (1/21, 44 min)
[screen] ok B3_k8_short seed=0 (2/21, 44 min)
[screen] start gpu1 P_k8_short_ms seed=0  (5 running)
[screen] start gpu1 A0_random seed=1  (6 running)
[screen] ok G3_z256 seed=0 (3/21, 47 min)
[screen] start gpu0 A0_bfs seed=1  (6 running)
[screen] ok A0_random seed=0 (4/21, 48 min)
[screen] ok A0_bfs seed=0 (5/21, 48 min)
[screen] ok C1_short seed=0 (6/21, 48 min)
[screen] start gpu0 G3_z256 seed=1  (4 running)
[screen] start gpu0 B1_k8 seed=1  (5 running)
[screen] start gpu1 B3_k8_short seed=1  (6 running)
[screen] ok B1_k8 seed=1 (7/21, 91 min)
[screen] start gpu0 C1_short seed=1  (6 running)
[screen] ok B3_k8_short seed=1 (8/21, 91 min)
[screen] start gpu1 P_k8_short_ms seed=1  (6 running)
[screen] ok A0_random seed=1 (9/21, 92 min)
[screen] start gpu1 A0_random seed=2  (6 running)
[screen] ok A0_bfs seed=1 (10/21, 94 min)
[screen] start gpu0 A0_bfs seed=2  (6 running)
[screen] ok G3_z256 seed=1 (11/21, 95 min)
[screen] start gpu0 G3_z256 seed=2  (6 running)
[screen] ok P_k8_short_ms seed=0 (12/21, 108 min)
[screen] start gpu1 B1_k8 seed=2  (6 running)
[screen] ok C1_short seed=1 (13/21, 136 min)
[screen] start gpu0 B3_k8_short seed=2  (6 running)
[screen] ok A0_random seed=2 (14/21, 139 min)
[screen] start gpu1 C1_short seed=2  (6 running)
[screen] ok A0_bfs seed=2 (15/21, 141 min)
[screen] ok G3_z256 seed=2 (16/21, 141 min)
[screen] start gpu0 P_k8_short_ms seed=2  (5 running)
[screen] ok B1_k8 seed=2 (17/21, 150 min)
[screen] ok P_k8_short_ms seed=1 (18/21, 153 min)
[screen] ok B3_k8_short seed=2 (19/21, 168 min)
[screen] ok C1_short seed=2 (20/21, 170 min)
[screen] ok P_k8_short_ms seed=2 (21/21, 180 min)
[screen] all done in 180 min
