[viz] 21 checkpoints, budget 64
  fixedtreewm/A0_bfs_s0 scorer=bfs -> /localhome/local-chrislin/treewm/runs_phase2/pointmaze-medium-stitch/fixedtreewm/A0_bfs_s0/viz_bfs_b64
  fixedtreewm/A0_bfs_s1 scorer=bfs -> /localhome/local-chrislin/treewm/runs_phase2/pointmaze-medium-stitch/fixedtreewm/A0_bfs_s1/viz_bfs_b64
  fixedtreewm/A0_bfs_s2 scorer=bfs -> /localhome/local-chrislin/treewm/runs_phase2/pointmaze-medium-stitch/fixedtreewm/A0_bfs_s2/viz_bfs_b64
  randomtreewm/A0_random_s0 scorer=random -> /localhome/local-chrislin/treewm/runs_phase2/pointmaze-medium-stitch/randomtreewm/A0_random_s0/viz_random_b64
  randomtreewm/A0_random_s1 scorer=random -> /localhome/local-chrislin/treewm/runs_phase2/pointmaze-medium-stitch/randomtreewm/A0_random_s1/viz_random_b64
  randomtreewm/A0_random_s2 scorer=random -> /localhome/local-chrislin/treewm/runs_phase2/pointmaze-medium-stitch/randomtreewm/A0_random_s2/viz_random_b64
  randomtreewm/B1_k8_s0 scorer=random -> /localhome/local-chrislin/treewm/runs_phase2/pointmaze-medium-stitch/randomtreewm/B1_k8_s0/viz_random_b64
  randomtreewm/B1_k8_s1 scorer=random -> /localhome/local-chrislin/treewm/runs_phase2/pointmaze-medium-stitch/randomtreewm/B1_k8_s1/viz_random_b64
  randomtreewm/B1_k8_s2 scorer=random -> /localhome/local-chrislin/treewm/runs_phase2/pointmaze-medium-stitch/randomtreewm/B1_k8_s2/viz_random_b64
  randomtreewm/B3_k8_short_s0 scorer=random -> /localhome/local-chrislin/treewm/runs_phase2/pointmaze-medium-stitch/randomtreewm/B3_k8_short_s0/viz_random_b64
  randomtreewm/B3_k8_short_s1 scorer=random -> /localhome/local-chrislin/treewm/runs_phase2/pointmaze-medium-stitch/randomtreewm/B3_k8_short_s1/viz_random_b64
  randomtreewm/B3_k8_short_s2 scorer=random -> /localhome/local-chrislin/treewm/runs_phase2/pointmaze-medium-stitch/randomtreewm/B3_k8_short_s2/viz_random_b64
  randomtreewm/C1_short_s0 scorer=random -> /localhome/local-chrislin/treewm/runs_phase2/pointmaze-medium-stitch/randomtreewm/C1_short_s0/viz_random_b64
  randomtreewm/C1_short_s1 scorer=random -> /localhome/local-chrislin/treewm/runs_phase2/pointmaze-medium-stitch/randomtreewm/C1_short_s1/viz_random_b64
  randomtreewm/C1_short_s2 scorer=random -> /localhome/local-chrislin/treewm/runs_phase2/pointmaze-medium-stitch/randomtreewm/C1_short_s2/viz_random_b64
  randomtreewm/G3_z256_s0 scorer=random -> /localhome/local-chrislin/treewm/runs_phase2/pointmaze-medium-stitch/randomtreewm/G3_z256_s0/viz_random_b64
  randomtreewm/G3_z256_s1 scorer=random -> /localhome/local-chrislin/treewm/runs_phase2/pointmaze-medium-stitch/randomtreewm/G3_z256_s1/viz_random_b64
  randomtreewm/G3_z256_s2 scorer=random -> /localhome/local-chrislin/treewm/runs_phase2/pointmaze-medium-stitch/randomtreewm/G3_z256_s2/viz_random_b64
  randomtreewm/P_k8_short_ms_s0 scorer=random -> /localhome/local-chrislin/treewm/runs_phase2/pointmaze-medium-stitch/randomtreewm/P_k8_short_ms_s0/viz_random_b64
  randomtreewm/P_k8_short_ms_s1 scorer=random -> /localhome/local-chrislin/treewm/runs_phase2/pointmaze-medium-stitch/randomtreewm/P_k8_short_ms_s1/viz_random_b64
  randomtreewm/P_k8_short_ms_s2 scorer=random -> /localhome/local-chrislin/treewm/runs_phase2/pointmaze-medium-stitch/randomtreewm/P_k8_short_ms_s2/viz_random_b64
