[screen] 18 jobs, 6 slots (3/GPU), 20000 steps
[screen] start gpu0 A0_random seed=0  (1 running)
[screen] start gpu0 A0_bfs seed=0  (2 running)
[screen] start gpu0 A1_multistep seed=0  (3 running)
[screen] start gpu1 A2_ss25 seed=0  (4 running)
[screen] start gpu1 A2_ss50 seed=0  (5 running)
[screen] start gpu1 A4_noresidual seed=0  (6 running)
[screen] ok A0_random seed=0 (1/18, 46 min)
[screen] ok A0_bfs seed=0 (2/18, 46 min)
[screen] start gpu0 B1_k8 seed=0  (5 running)
[screen] start gpu0 B2_k16 seed=0  (6 running)
[screen] ok A4_noresidual seed=0 (3/18, 47 min)
[screen] start gpu1 B3_k8_short seed=0  (6 running)
[screen] ok A1_multistep seed=0 (4/18, 66 min)
[screen] start gpu0 C1_short seed=0  (6 running)
[screen] ok A2_ss50 seed=0 (5/18, 66 min)
[screen] start gpu1 C2_medium seed=0  (6 running)
[screen] ok A2_ss25 seed=0 (6/18, 67 min)
[screen] start gpu1 C4_fixed8 seed=0  (6 running)
[screen] ok B2_k16 seed=0 (7/18, 88 min)
[screen] start gpu0 G1_wide seed=0  (6 running)
[screen] ok B1_k8 seed=0 (8/18, 89 min)
[screen] start gpu0 G2_deep seed=0  (6 running)
[screen] ok B3_k8_short seed=0 (9/18, 89 min)
[screen] start gpu1 G3_z256 seed=0  (6 running)
[screen] ok C1_short seed=0 (10/18, 113 min)
[screen] start gpu0 H1_bind seed=0  (6 running)
[screen] ok C2_medium seed=0 (11/18, 113 min)
[screen] start gpu1 H2_depthw seed=0  (6 running)
[screen] ok C4_fixed8 seed=0 (12/18, 115 min)
[screen] start gpu1 H3_noredundancy seed=0  (6 running)
[screen] ok G1_wide seed=0 (13/18, 134 min)
[screen] ok G3_z256 seed=0 (14/18, 135 min)
[screen] ok G2_deep seed=0 (15/18, 141 min)
[screen] ok H1_bind seed=0 (16/18, 150 min)
[screen] ok H3_noredundancy seed=0 (17/18, 153 min)
[screen] ok H2_depthw seed=0 (18/18, 162 min)
[screen] all done in 162 min
