[sweep] 36 checkpoints, budgets [16, 32, 64, 128, 256]
[sweep] ok fixedtreewm/20260813_seed2
[sweep] ok fixedtreewm/20260813_seed1
[sweep] ok fixedtreewm/20260813_seed0
[sweep] ok learnedq/20260813_seed0
[sweep] ok learnedq/20260813_seed2
[sweep] ok learnedq/20260813_seed1
[sweep] ok learnedz/20260813_seed1
[sweep] ok learnedz/20260813_seed0
[sweep] ok learnedz/20260813_seed2
[sweep] ok noveltyq/20260813_seed0
[sweep] ok noveltyq/20260813_seed1
[sweep] ok noveltyq/20260813_seed2
[sweep] ok noveltyz/20260813_seed0
[sweep] ok noveltyz/20260813_seed1
[sweep] ok noveltyz/20260813_seed2
[sweep] ok randomtreewm/20260813_seed0
[sweep] ok randomtreewm/20260813_seed1
[sweep] ok randomtreewm/20260813_seed2
[sweep] ok fixedtreewm/20260813_seed0
[sweep] ok fixedtreewm/20260813_seed1
[sweep] ok learnedq/20260813_seed0
[sweep] ok fixedtreewm/20260813_seed2
[sweep] ok learnedq/20260813_seed1
[sweep] ok learnedq/20260813_seed2
[sweep] ok learnedz/20260813_seed0
[sweep] ok learnedz/20260813_seed1
[sweep] ok learnedz/20260813_seed2
[sweep] ok noveltyq/20260813_seed0
[sweep] ok noveltyq/20260813_seed1
[sweep] ok noveltyq/20260813_seed2
[sweep] ok noveltyz/20260813_seed0
[sweep] ok noveltyz/20260813_seed1
[sweep] ok noveltyz/20260813_seed2
[sweep] ok randomtreewm/20260813_seed0
[sweep] ok randomtreewm/20260813_seed1
[sweep] ok randomtreewm/20260813_seed2
[sweep] wrote /localhome/local-chrislin/treewm/results_novelty/success_vs_budget_pointmaze-medium.png
[sweep] wrote /localhome/local-chrislin/treewm/results_novelty/success_vs_budget_pointmaze-medium-stitch.png
