[curve] 15 checkpoints
  Fh20 (Fh20_s0) done
  Fh20 (Fh20_s1) done
  Fh20 (Fh20_s2) done
  H16 (H16_s0) done
  H16 (H16_s1) done
  H16 (H16_s2) done
  H20 (H20_s0) done
  H20 (H20_s1) done
  H20 (H20_s2) done
  H32 (H32_s0) done
  H32 (H32_s1) done
  H32 (H32_s2) done
  H8 (H8_s0) done
  H8 (H8_s1) done
  H8 (H8_s2) done

=== budget 64: success by geodesic distance bin ===
arm                     1-3        3-5        5-7        7-9       9-12
(mean world d)          6.3       14.0       22.0       29.7       37.0
-----------------------------------------------------------------------
Fh20                  0.653      0.569      0.222      0.083      0.014
H16                   0.944      0.931      0.597      0.556      0.500
H20                   0.903      0.931      0.694      0.639      0.569
H32                   0.514      0.639      0.500      0.389      0.639
H8                    0.944      0.986      0.472      0.417      0.333
-- dist reduction (world units) --
Fh20                   2.34       6.77       5.02       6.25       5.93
H16                    4.29       9.77      10.19      14.73      17.62
H20                    4.31       9.98      10.80      14.88      18.19
H32                    2.38       7.65       9.72      12.64      18.86
H8                     4.49       9.86       8.48      13.00      15.11

=== budget 128: success by geodesic distance bin ===
arm                     1-3        3-5        5-7        7-9       9-12
(mean world d)          6.3       14.0       22.0       29.7       37.0
-----------------------------------------------------------------------
Fh20                  0.569      0.597      0.194      0.042      0.028
H16                   0.889      0.944      0.653      0.653      0.486
H20                   0.917      0.931      0.778      0.681      0.528
H32                   0.611      0.694      0.472      0.472      0.375
H8                    0.958      0.972      0.583      0.569      0.361
-- dist reduction (world units) --
Fh20                   2.10       6.76       4.95       6.14       6.70
H16                    4.21       9.66      10.13      15.20      17.44
H20                    4.28       9.97      10.77      15.20      18.10
H32                    2.56       8.15       8.98      13.06      15.85
H8                     4.40       9.88       9.33      13.39      15.56

=== h*(d): best fixed horizon per distance bin ===
       bin  mean world d  best h   success by h
       1-3           6.3       8   h8=0.95 h16=0.92 h20=0.91 h32=0.56
       3-5          14.0       8   h8=0.98 h16=0.94 h20=0.93 h32=0.67
       5-7          22.0      20   h8=0.53 h16=0.63 h20=0.74 h32=0.49
       7-9          29.7      20   h8=0.49 h16=0.60 h20=0.66 h32=0.43
      9-12          37.0      20   h8=0.35 h16=0.49 h20=0.55 h32=0.51

wrote /localhome/local-chrislin/treewm/results_difficulty/difficulty_curve_pointmaze.png
