
=== 1. (Best recursive - Flat) SUCCESS advantage vs distance ===
  medium  d=[6.3, 14.0, 22.0, 29.7, 37.0]
          delta=[0.34, 0.396, 0.528, 0.597, 0.528]  spearman=+0.900
  large   d=[6.7, 13.7, 23.0, 29.7, 41.3, 52.3, 68.7]
          delta=[0.285, 0.542, 0.625, 0.389, 0.278, 0.271, 0.104]  spearman=-0.750
  giant   d=[6.3, 14.0, 22.0, 29.0, 40.0, 54.3, 72.0, 89.7, 112.3]
          delta=[0.632, 0.618, 0.722, 0.542, 0.319, 0.201, 0.153, 0.035, 0.0]  spearman=-0.950
  POOLED spearman = -0.728   <-- floor-censored, see panel 5

=== 2. Optimal horizon vs task distance ===
  medium  d=[6.3, 14.0, 22.0, 29.7, 37.0]
          h*=[8, 8, 20, 20, 20]
  large   d=[6.7, 13.7, 23.0, 29.7, 41.3, 52.3, 68.7]
          h*=[20, 20, 16, 32, 48, 32, 64]
  giant   d=[6.3, 14.0, 22.0, 29.0, 40.0, 54.3, 72.0, 89.7, 112.3]
          h*=[16, 16, 16, 16, 16, 64, 64, 64, 8]
  POOLED h* vs d spearman = +0.554

=== 3. S(h,d) heatmaps ===
  medium: h rows [8, 16, 20, 32, 48, 64], d cols [6.3, 14.0, 22.0, 29.7, 37.0]
  large: h rows [8, 16, 20, 32, 48, 64], d cols [6.7, 13.7, 23.0, 29.7, 41.3, 52.3, 68.7]
  giant: h rows [8, 16, 20, 32, 48, 64], d cols [6.3, 14.0, 22.0, 29.0, 40.0, 54.3, 72.0, 89.7, 112.3]

=== 4. Recursion advantage vs compositional complexity (path turns) ===
  medium  turns=[0.4, 1.4, 2.8, 4.1, 5.1]
          delta_distred=[2.22, 3.21, 5.8, 8.85, 11.83]  spearman=+1.000
  large   turns=[0.2, 0.9, 1.8, 2.4, 3.2, 4.3, 6.8]
          delta_distred=[3.91, 7.14, 11.08, 10.56, 15.85, 17.21, 15.92]  spearman=+0.929
  giant   turns=[0.2, 1.0, 1.7, 2.8, 3.8, 6.2, 8.2, 10.3, 13.0]
          delta_distred=[5.35, 8.67, 10.29, 11.52, 13.2, 11.03, 18.51, 13.88, 20.31]  spearman=+0.933
  POOLED vs turns = +0.850   vs distance = +0.913

=== 5. UNCENSORED advantage (distance reduction) vs distance ===
  medium  delta=[2.22, 3.21, 5.8, 8.85, 11.83]  spearman=+1.000
  large   delta=[3.91, 7.14, 11.08, 10.56, 15.85, 17.21, 15.92]  spearman=+0.929
  giant   delta=[5.35, 8.67, 10.29, 11.52, 13.2, 11.03, 18.51, 13.88, 20.31]  spearman=+0.933
  POOLED spearman = +0.913   <-- the scaling claim

wrote /localhome/local-chrislin/treewm/results_difficulty/scaling_report.png
