[screen] 21 jobs, 4 slots (2/GPU), 20000 steps
[screen] start gpu0 Q2_learned seed=0  (1 running)
[screen] start gpu0 Q2_random_h seed=0  (2 running)
[screen] start gpu1 Q2_fixed2 seed=0  (3 running)
[screen] start gpu1 Q2_fixed4 seed=0  (4 running)
[screen] ok Q2_learned seed=0 (1/21, 67 min)
[screen] start gpu0 Q2_fixed8 seed=0  (4 running)
[screen] ok Q2_random_h seed=0 (2/21, 68 min)
[screen] start gpu0 Q2_fixed16 seed=0  (4 running)
[screen] ok Q2_fixed4 seed=0 (3/21, 70 min)
[screen] start gpu1 Q2_depthsched seed=0  (4 running)
[screen] ok Q2_fixed2 seed=0 (4/21, 79 min)
[screen] start gpu1 Q2_learned seed=1  (4 running)
[screen] ok Q2_depthsched seed=0 (5/21, 134 min)
[screen] start gpu1 Q2_random_h seed=1  (4 running)
[screen] ok Q2_fixed16 seed=0 (6/21, 135 min)
[screen] start gpu0 Q2_fixed2 seed=1  (4 running)
[screen] ok Q2_fixed8 seed=0 (7/21, 137 min)
[screen] start gpu0 Q2_fixed4 seed=1  (4 running)
[screen] ok Q2_learned seed=1 (8/21, 144 min)
[screen] start gpu1 Q2_fixed8 seed=1  (4 running)
[screen] ok Q2_random_h seed=1 (9/21, 200 min)
[screen] start gpu1 Q2_fixed16 seed=1  (4 running)
[screen] ok Q2_fixed8 seed=1 (10/21, 208 min)
[screen] start gpu1 Q2_depthsched seed=1  (4 running)
[screen] ok Q2_fixed4 seed=1 (11/21, 210 min)
[screen] start gpu0 Q2_learned seed=2  (4 running)
[screen] ok Q2_fixed2 seed=1 (12/21, 218 min)
[screen] start gpu0 Q2_random_h seed=2  (4 running)
[screen] ok Q2_fixed16 seed=1 (13/21, 264 min)
[screen] start gpu1 Q2_fixed2 seed=2  (4 running)
[screen] ok Q2_depthsched seed=1 (14/21, 273 min)
[screen] start gpu1 Q2_fixed4 seed=2  (4 running)
[screen] ok Q2_learned seed=2 (15/21, 279 min)
[screen] start gpu0 Q2_fixed8 seed=2  (4 running)
[screen] ok Q2_random_h seed=2 (16/21, 290 min)
[screen] start gpu0 Q2_fixed16 seed=2  (4 running)
[screen] ok Q2_fixed4 seed=2 (17/21, 343 min)
[screen] start gpu1 Q2_depthsched seed=2  (4 running)
[screen] ok Q2_fixed2 seed=2 (18/21, 344 min)
[screen] ok Q2_fixed8 seed=2 (19/21, 347 min)
[screen] ok Q2_fixed16 seed=2 (20/21, 353 min)
[screen] ok Q2_depthsched seed=2 (21/21, 386 min)
[screen] all done in 386 min
