[viz] 21 checkpoints, budget 64
  randomtreewm/Q2_depthsched_s0 scorer=random -> /localhome/local-chrislin/treewm/runs_q2/pointmaze-medium-stitch/randomtreewm/Q2_depthsched_s0/viz_random_b64
  randomtreewm/Q2_depthsched_s1 scorer=random -> /localhome/local-chrislin/treewm/runs_q2/pointmaze-medium-stitch/randomtreewm/Q2_depthsched_s1/viz_random_b64
  randomtreewm/Q2_depthsched_s2 scorer=random -> /localhome/local-chrislin/treewm/runs_q2/pointmaze-medium-stitch/randomtreewm/Q2_depthsched_s2/viz_random_b64
  randomtreewm/Q2_fixed16_s0 scorer=random -> /localhome/local-chrislin/treewm/runs_q2/pointmaze-medium-stitch/randomtreewm/Q2_fixed16_s0/viz_random_b64
  randomtreewm/Q2_fixed16_s1 scorer=random -> /localhome/local-chrislin/treewm/runs_q2/pointmaze-medium-stitch/randomtreewm/Q2_fixed16_s1/viz_random_b64
  randomtreewm/Q2_fixed16_s2 scorer=random -> /localhome/local-chrislin/treewm/runs_q2/pointmaze-medium-stitch/randomtreewm/Q2_fixed16_s2/viz_random_b64
  randomtreewm/Q2_fixed2_s0 scorer=random -> /localhome/local-chrislin/treewm/runs_q2/pointmaze-medium-stitch/randomtreewm/Q2_fixed2_s0/viz_random_b64
  randomtreewm/Q2_fixed2_s1 scorer=random -> /localhome/local-chrislin/treewm/runs_q2/pointmaze-medium-stitch/randomtreewm/Q2_fixed2_s1/viz_random_b64
  randomtreewm/Q2_fixed2_s2 scorer=random -> /localhome/local-chrislin/treewm/runs_q2/pointmaze-medium-stitch/randomtreewm/Q2_fixed2_s2/viz_random_b64
  randomtreewm/Q2_fixed4_s0 scorer=random -> /localhome/local-chrislin/treewm/runs_q2/pointmaze-medium-stitch/randomtreewm/Q2_fixed4_s0/viz_random_b64
  randomtreewm/Q2_fixed4_s1 scorer=random -> /localhome/local-chrislin/treewm/runs_q2/pointmaze-medium-stitch/randomtreewm/Q2_fixed4_s1/viz_random_b64
  randomtreewm/Q2_fixed4_s2 scorer=random -> /localhome/local-chrislin/treewm/runs_q2/pointmaze-medium-stitch/randomtreewm/Q2_fixed4_s2/viz_random_b64
  randomtreewm/Q2_fixed8_s0 scorer=random -> /localhome/local-chrislin/treewm/runs_q2/pointmaze-medium-stitch/randomtreewm/Q2_fixed8_s0/viz_random_b64
  randomtreewm/Q2_fixed8_s1 scorer=random -> /localhome/local-chrislin/treewm/runs_q2/pointmaze-medium-stitch/randomtreewm/Q2_fixed8_s1/viz_random_b64
  randomtreewm/Q2_fixed8_s2 scorer=random -> /localhome/local-chrislin/treewm/runs_q2/pointmaze-medium-stitch/randomtreewm/Q2_fixed8_s2/viz_random_b64
  randomtreewm/Q2_learned_s0 scorer=random -> /localhome/local-chrislin/treewm/runs_q2/pointmaze-medium-stitch/randomtreewm/Q2_learned_s0/viz_random_b64
  randomtreewm/Q2_learned_s1 scorer=random -> /localhome/local-chrislin/treewm/runs_q2/pointmaze-medium-stitch/randomtreewm/Q2_learned_s1/viz_random_b64
  randomtreewm/Q2_learned_s2 scorer=random -> /localhome/local-chrislin/treewm/runs_q2/pointmaze-medium-stitch/randomtreewm/Q2_learned_s2/viz_random_b64
  randomtreewm/Q2_random_h_s0 scorer=random -> /localhome/local-chrislin/treewm/runs_q2/pointmaze-medium-stitch/randomtreewm/Q2_random_h_s0/viz_random_b64
  randomtreewm/Q2_random_h_s1 scorer=random -> /localhome/local-chrislin/treewm/runs_q2/pointmaze-medium-stitch/randomtreewm/Q2_random_h_s1/viz_random_b64
  randomtreewm/Q2_random_h_s2 scorer=random -> /localhome/local-chrislin/treewm/runs_q2/pointmaze-medium-stitch/randomtreewm/Q2_random_h_s2/viz_random_b64
