[sweep] 21 checkpoints, budgets [16, 32, 64, 128, 256]
[sweep] ok randomtreewm/Q2_depthsched_s0
[sweep] ok randomtreewm/Q2_depthsched_s1
[sweep] ok randomtreewm/Q2_depthsched_s2
[sweep] ok randomtreewm/Q2_fixed16_s0
[sweep] ok randomtreewm/Q2_fixed16_s2
[sweep] ok randomtreewm/Q2_fixed16_s1
[sweep] ok randomtreewm/Q2_fixed2_s0
[sweep] ok randomtreewm/Q2_fixed2_s1
[sweep] ok randomtreewm/Q2_fixed4_s0
[sweep] ok randomtreewm/Q2_fixed2_s2
[sweep] ok randomtreewm/Q2_fixed4_s1
[sweep] ok randomtreewm/Q2_fixed4_s2
[sweep] ok randomtreewm/Q2_fixed8_s0
[sweep] ok randomtreewm/Q2_fixed8_s1
[sweep] ok randomtreewm/Q2_fixed8_s2
[sweep] ok randomtreewm/Q2_learned_s0
[sweep] ok randomtreewm/Q2_learned_s1
[sweep] ok randomtreewm/Q2_learned_s2
[sweep] ok randomtreewm/Q2_random_h_s0
[sweep] ok randomtreewm/Q2_random_h_s1
[sweep] ok randomtreewm/Q2_random_h_s2
[sweep] wrote /localhome/local-chrislin/treewm/results_q2/success_vs_budget_pointmaze-medium-stitch.png
