[sweep] 36 checkpoints, budgets [16, 32, 64, 128, 256]
[sweep] ok fixedtreewm/20260813_seed1
[sweep] ok fixedtreewm/20260813_seed2
[sweep] ok fixedtreewm/20260813_seed0
[sweep] ok learnedq/20260813_seed0
[sweep] ok learnedq/20260813_seed1
[sweep] ok learnedz/20260813_seed0
[sweep] ok learnedq/20260813_seed2
[sweep] ok learnedz/20260813_seed1
[sweep] ok learnedz/20260813_seed2
[sweep] ok noveltyq/20260813_seed0
[sweep] ok noveltyq/20260813_seed1
[sweep] ok noveltyq/20260813_seed2
[sweep] ok noveltyz/20260813_seed0
[sweep] ok noveltyz/20260813_seed1
[sweep] ok randomtreewm/20260813_seed1
[sweep] ok noveltyz/20260813_seed2
[sweep] ok randomtreewm/20260813_seed0
[sweep] ok randomtreewm/20260813_seed2
[sweep] ok fixedtreewm/20260813_seed0
[sweep] ok fixedtreewm/20260813_seed1
[sweep] ok fixedtreewm/20260813_seed2
[sweep] ok learnedq/20260813_seed0
[sweep] ok learnedq/20260813_seed1
[sweep] ok learnedz/20260813_seed1
[sweep] ok learnedq/20260813_seed2
[sweep] ok learnedz/20260813_seed0
[sweep] ok learnedz/20260813_seed2
[sweep] ok noveltyq/20260813_seed0
[sweep] ok noveltyz/20260813_seed0
[sweep] ok noveltyq/20260813_seed1
[sweep] ok noveltyq/20260813_seed2
[sweep] ok noveltyz/20260813_seed1
[sweep] ok noveltyz/20260813_seed2
[sweep] ok randomtreewm/20260813_seed0
[sweep] ok randomtreewm/20260813_seed1
[sweep] ok randomtreewm/20260813_seed2
[sweep] wrote /localhome/local-chrislin/treewm/results_novelty_decoded/success_vs_budget_pointmaze-medium.png
[sweep] wrote /localhome/local-chrislin/treewm/results_novelty_decoded/success_vs_budget_pointmaze-medium-stitch.png
[sweep] 42 checkpoints, budgets [16, 32, 64, 128, 256]
[sweep] ok flatkwm/20260812_seed0
[sweep] ok flatkwm/20260812_seed1
[sweep] ok fixedtreewm/20260812_seed1
[sweep] ok fixedtreewm/20260812_seed0
[sweep] ok flatkwm/20260812_seed2
[sweep] ok fixedtreewm/20260812_seed2
[sweep] ok heuristictreewm/20260812_seed1
[sweep] ok heuristictreewm/20260812_seed0
[sweep] ok heuristictreewm/20260812_seed2
[sweep] ok randomtreewm/20260812_seed0
[sweep] ok randomtreewm/20260812_seed1
[sweep] ok randomtreewm/20260812_seed2
[sweep] ok treewm/20260812_seed0
[sweep] ok treewm/20260812_seed1
[sweep] ok treewm/20260812_seed2
[sweep] ok uncertaintytreewm/20260812_seed0
[sweep] ok uncertaintytreewm/20260812_seed1
[sweep] ok uncertaintytreewm/20260812_seed2
[sweep] ok fixedtreewm/20260812_seed0
[sweep] ok fixedtreewm/20260812_seed1
[sweep] ok fixedtreewm/20260812_seed2
[sweep] ok flatkwm/20260812_seed0
[sweep] ok flatkwm/20260812_seed1
[sweep] ok flatkwm/20260812_seed2
[sweep] ok heuristictreewm/20260812_seed0
[sweep] ok heuristictreewm/20260812_seed1
[sweep] ok heuristictreewm/20260812_seed2
[sweep] ok randomtreewm/20260812_seed0
[sweep] ok randomtreewm/20260812_seed1
[sweep] ok randomtreewm/20260812_seed2
[sweep] FAILED(-15) singlewm/20260812_seed0
[sweep] FAILED(-15) singlewm/20260812_seed1
[sweep] FAILED(-15) singlewm/20260812_seed2
[sweep] FAILED(-15) singlewm/20260812_seed0
[sweep] FAILED(-15) singlewm/20260812_seed1
[sweep] FAILED(-15) singlewm/20260812_seed2
[sweep] ok treewm/20260812_seed0
[sweep] ok treewm/20260812_seed1
[sweep] ok treewm/20260812_seed2
[sweep] ok uncertaintytreewm/20260812_seed0
[sweep] ok uncertaintytreewm/20260812_seed1
[sweep] ok uncertaintytreewm/20260812_seed2
[sweep] wrote /localhome/local-chrislin/treewm/results_decoded/success_vs_budget_pointmaze-medium.png
[sweep] wrote /localhome/local-chrislin/treewm/results_decoded/success_vs_budget_pointmaze-medium-stitch.png
ALL SWEEPS DONE
