[curve] 21 checkpoints
  Fh20 (Fh20_s0) done
  Fh20 (Fh20_s1) done
  Fh20 (Fh20_s2) done
  H16 (H16_s0) done
  H16 (H16_s1) done
  H16 (H16_s2) done
  H20 (H20_s0) done
  H20 (H20_s1) done
  H20 (H20_s2) done
  H32 (H32_s0) done
  H32 (H32_s1) done
  H32 (H32_s2) done
  H48 (H48_s0) done
  H48 (H48_s1) done
  H48 (H48_s2) done
  H64 (H64_s0) done
  H64 (H64_s1) done
  H64 (H64_s2) done
  H8 (H8_s0) done
  H8 (H8_s1) done
  H8 (H8_s2) done

=== budget 64: success by geodesic distance bin ===
arm                     1-3        3-5        5-7        7-9       9-12      12-16      16-21
(mean world d)          6.7       13.7       23.0       29.7       41.3       52.3       68.7
---------------------------------------------------------------------------------------------
Fh20                  0.583      0.306      0.181      0.083      0.028      0.028      0.000
H16                   0.861      0.806      0.847      0.542      0.153      0.250      0.000
H20                   0.889      0.819      0.764      0.472      0.194      0.333      0.000
H32                   0.694      0.806      0.722      0.542      0.319      0.361      0.083
H48                   0.583      0.653      0.611      0.472      0.333      0.417      0.139
H64                   0.542      0.375      0.347      0.500      0.292      0.194      0.069
H8                    0.736      0.528      0.222      0.097      0.069      0.000      0.000
-- dist reduction (world units) --
Fh20                   1.51       2.51       1.53       2.50       1.21       4.24       1.28
H16                    5.09       8.97      12.89      12.66      10.16      16.12       7.94
H20                    4.98       8.97      12.43      12.32      10.01      17.98       8.35
H32                    4.43       9.20      12.73      14.12      15.50      20.61      13.30
H48                    3.09       8.32      11.95      13.72      14.85      22.79      14.96
H64                    2.62       6.73       8.87      13.24      17.71      22.50      17.08
H8                     4.53       6.00       7.49       6.75       6.75       8.48       5.42

=== budget 128: success by geodesic distance bin ===
arm                     1-3        3-5        5-7        7-9       9-12      12-16      16-21
(mean world d)          6.7       13.7       23.0       29.7       41.3       52.3       68.7
---------------------------------------------------------------------------------------------
Fh20                  0.528      0.208      0.167      0.111      0.042      0.056      0.000
H16                   0.722      0.736      0.750      0.417      0.236      0.181      0.000
H20                   0.792      0.778      0.625      0.375      0.153      0.167      0.000
H32                   0.736      0.694      0.694      0.431      0.222      0.264      0.014
H48                   0.556      0.639      0.472      0.458      0.292      0.194      0.042
H64                   0.417      0.306      0.389      0.417      0.292      0.153      0.139
H8                    0.792      0.500      0.208      0.042      0.069      0.000      0.000
-- dist reduction (world units) --
Fh20                   0.38       1.20       1.36       3.35       1.44       5.76       1.32
H16                    4.58       8.97      12.16      11.34      10.50      15.24       8.62
H20                    4.73       8.60      11.13      11.72       9.72      15.22      10.26
H32                    4.24       8.80      11.59      12.86      13.05      21.19      13.44
H48                    3.23       8.07       9.96      12.46      14.13      21.62      14.49
H64                    1.92       5.11       8.31      11.56      16.65      20.61      17.36
H8                     4.70       6.05       7.90       6.12       6.89       7.76       5.48

=== h*(d): best fixed horizon per distance bin ===
       bin  mean world d  best h   success by h
       1-3           6.7      20   h8=0.76 h16=0.79 h20=0.84 h32=0.72 h48=0.57 h64=0.48
       3-5          13.7      20   h8=0.51 h16=0.77 h20=0.80 h32=0.75 h48=0.65 h64=0.34
       5-7          23.0      16   h8=0.22 h16=0.80 h20=0.69 h32=0.71 h48=0.54 h64=0.37
       7-9          29.7      32   h8=0.07 h16=0.48 h20=0.42 h32=0.49 h48=0.47 h64=0.46
      9-12          41.3      48   h8=0.07 h16=0.19 h20=0.17 h32=0.27 h48=0.31 h64=0.29
     12-16          52.3      32   h8=0.00 h16=0.22 h20=0.25 h32=0.31 h48=0.31 h64=0.17
     16-21          68.7      64   h8=0.00 h16=0.00 h20=0.00 h32=0.05 h48=0.09 h64=0.10

wrote /localhome/local-chrislin/treewm/results_difficulty/difficulty_curve_pointmaze_large.png
