[curve] 21 checkpoints
  Fh20 (Fh20_s0) done
  Fh20 (Fh20_s1) done
  Fh20 (Fh20_s2) done
  H16 (H16_s0) done
  H16 (H16_s1) done
  H16 (H16_s2) done
  H20 (H20_s0) done
  H20 (H20_s1) done
  H20 (H20_s2) done
  H32 (H32_s0) done
  H32 (H32_s1) done
  H32 (H32_s2) done
  H48 (H48_s0) done
  H48 (H48_s1) done
  H48 (H48_s2) done
  H64 (H64_s0) done
  H64 (H64_s1) done
  H64 (H64_s2) done
  H8 (H8_s0) done
  H8 (H8_s1) done
  H8 (H8_s2) done

=== budget 64: success by geodesic distance bin ===
arm                     1-3        3-5        5-7        7-9       9-12      12-16      16-21      21-26      26-32
(mean world d)          6.3       14.0       22.0       29.0       40.0       54.3       72.0       89.7      112.3
-------------------------------------------------------------------------------------------------------------------
Fh20                  0.278      0.139      0.028      0.042      0.000      0.000      0.000      0.000      0.000
H16                   0.958      0.833      0.750      0.583      0.319      0.042      0.014      0.000      0.000
H20                   0.944      0.875      0.639      0.514      0.347      0.014      0.014      0.000      0.000
H32                   0.889      0.722      0.694      0.528      0.319      0.056      0.111      0.000      0.000
H48                   0.750      0.556      0.597      0.486      0.278      0.125      0.097      0.014      0.000
H64                   0.611      0.542      0.611      0.486      0.292      0.208      0.167      0.042      0.000
H8                    0.806      0.833      0.361      0.236      0.056      0.000      0.000      0.000      0.000
-- dist reduction (world units) --
Fh20                  -0.98      -0.29       0.83       2.48       2.82       3.49       0.64       1.04       0.12
H16                    4.83       9.46      11.61      14.54      16.29      11.45      14.65       8.61      10.73
H20                    4.71       9.48      11.04      13.83      16.69      11.29      14.67       7.09      10.41
H32                    4.69       8.51      12.43      14.18      16.67      13.22      16.54       9.40      13.60
H48                    3.86       7.80      11.17      13.72      16.25      14.64      16.58      13.19      16.84
H64                    2.31       7.15      11.63      13.67      15.09      15.94      20.04      16.54      21.02
H8                     4.39       9.20       8.09       9.23      10.02       8.76       9.84       4.71       8.24

=== budget 128: success by geodesic distance bin ===
arm                     1-3        3-5        5-7        7-9       9-12      12-16      16-21      21-26      26-32
(mean world d)          6.3       14.0       22.0       29.0       40.0       54.3       72.0       89.7      112.3
-------------------------------------------------------------------------------------------------------------------
Fh20                  0.347      0.306      0.000      0.056      0.000      0.000      0.000      0.000      0.000
H16                   0.931      0.847      0.722      0.597      0.319      0.083      0.028      0.000      0.000
H20                   0.889      0.778      0.625      0.458      0.278      0.056      0.014      0.000      0.000
H32                   0.917      0.722      0.653      0.444      0.292      0.028      0.028      0.000      0.000
H48                   0.681      0.653      0.514      0.417      0.278      0.111      0.111      0.000      0.000
H64                   0.556      0.458      0.611      0.500      0.333      0.194      0.139      0.028      0.000
H8                    0.792      0.750      0.403      0.139      0.083      0.000      0.000      0.000      0.000
-- dist reduction (world units) --
Fh20                  -0.34       1.39       2.72       3.15       4.08       3.72       0.92       1.67       0.10
H16                    4.56       8.98      11.85      14.14      15.89      11.80      13.95       9.13      10.49
H20                    4.58       8.89      11.29      13.29      15.34      11.83      15.10       8.65      10.89
H32                    4.54       8.36      11.71      13.28      16.63      11.78      14.93      11.69      13.88
H48                    3.19       8.06      11.07      12.40      15.92      14.08      17.19      12.38      15.44
H64                    2.11       6.37      11.74      12.97      14.78      13.33      18.54      13.92      19.81
H8                     4.34       8.81       8.13       8.03       9.79       9.79       9.59       4.25       8.34

=== h*(d): best fixed horizon per distance bin ===
       bin  mean world d  best h   success by h
       1-3           6.3      16   h8=0.80 h16=0.94 h20=0.92 h32=0.90 h48=0.72 h64=0.58
       3-5          14.0      16   h8=0.79 h16=0.84 h20=0.83 h32=0.72 h48=0.60 h64=0.50
       5-7          22.0      16   h8=0.38 h16=0.74 h20=0.63 h32=0.67 h48=0.56 h64=0.61
       7-9          29.0      16   h8=0.19 h16=0.59 h20=0.49 h32=0.49 h48=0.45 h64=0.49
      9-12          40.0      16   h8=0.07 h16=0.32 h20=0.31 h32=0.31 h48=0.28 h64=0.31
     12-16          54.3      64   h8=0.00 h16=0.06 h20=0.03 h32=0.04 h48=0.12 h64=0.20
     16-21          72.0      64   h8=0.00 h16=0.02 h20=0.01 h32=0.07 h48=0.10 h64=0.15
     21-26          89.7      64   h8=0.00 h16=0.00 h20=0.00 h32=0.00 h48=0.01 h64=0.03
     26-32         112.3      16   h8=0.00 h16=0.00 h20=0.00 h32=0.00 h48=0.00 h64=0.00

wrote /localhome/local-chrislin/treewm/results_difficulty/difficulty_curve_pointmaze_giant.png
