[screen] 21 jobs, 6 slots (3/GPU), 20000 steps
[screen] start gpu0 H8 seed=0  (1 running)
[screen] start gpu0 H16 seed=0  (2 running)
[screen] start gpu0 H20 seed=0  (3 running)
[screen] start gpu1 H32 seed=0  (4 running)
[screen] start gpu1 H48 seed=0  (5 running)
[screen] start gpu1 H64 seed=0  (6 running)
[screen] ok H16 seed=0 (1/21, 49 min)
[screen] ok H20 seed=0 (2/21, 49 min)
[screen] ok H32 seed=0 (3/21, 49 min)
[screen] ok H48 seed=0 (4/21, 49 min)
[screen] ok H64 seed=0 (5/21, 49 min)
[screen] start gpu0 Fh20 seed=0  (2 running)
[screen] start gpu0 H8 seed=1  (3 running)
[screen] start gpu1 H16 seed=1  (4 running)
[screen] start gpu1 H20 seed=1  (5 running)
[screen] start gpu1 H32 seed=1  (6 running)
[screen] ok H8 seed=0 (6/21, 51 min)
[screen] start gpu0 H48 seed=1  (6 running)
[screen] ok H16 seed=1 (7/21, 95 min)
[screen] start gpu1 H64 seed=1  (6 running)
[screen] ok H20 seed=1 (8/21, 95 min)
[screen] ok H32 seed=1 (9/21, 95 min)
[screen] start gpu1 Fh20 seed=1  (5 running)
[screen] start gpu1 H8 seed=2  (6 running)
[screen] ok H48 seed=1 (10/21, 115 min)
[screen] start gpu0 H16 seed=2  (6 running)
[screen] ok H8 seed=1 (11/21, 116 min)
[screen] start gpu0 H20 seed=2  (6 running)
[screen] ok Fh20 seed=0 (12/21, 122 min)
[screen] start gpu0 H32 seed=2  (6 running)
[screen] ok H64 seed=1 (13/21, 158 min)
[screen] start gpu1 H48 seed=2  (6 running)
[screen] ok H8 seed=2 (14/21, 162 min)
[screen] start gpu1 H64 seed=2  (6 running)
[screen] ok H16 seed=2 (15/21, 162 min)
[screen] start gpu0 Fh20 seed=2  (6 running)
[screen] ok H20 seed=2 (16/21, 163 min)
[screen] ok Fh20 seed=1 (17/21, 168 min)
[screen] ok H32 seed=2 (18/21, 168 min)
[screen] ok H48 seed=2 (19/21, 197 min)
[screen] ok H64 seed=2 (20/21, 199 min)
[screen] ok Fh20 seed=2 (21/21, 208 min)
[screen] all done in 208 min
