[screen] 15 jobs, 6 slots (3/GPU), 20000 steps
[screen] start gpu0 H8 seed=0  (1 running)
[screen] start gpu0 H16 seed=0  (2 running)
[screen] start gpu0 H20 seed=0  (3 running)
[screen] start gpu1 H32 seed=0  (4 running)
[screen] start gpu1 Fh20 seed=0  (5 running)
[screen] start gpu1 H8 seed=1  (6 running)
[screen] ok H16 seed=0 (1/15, 46 min)
[screen] start gpu0 H16 seed=1  (6 running)
[screen] ok H20 seed=0 (2/15, 46 min)
[screen] start gpu0 H20 seed=1  (6 running)
[screen] ok H8 seed=0 (3/15, 47 min)
[screen] start gpu0 H32 seed=1  (6 running)
[screen] ok H32 seed=0 (4/15, 64 min)
[screen] start gpu1 Fh20 seed=1  (6 running)
[screen] ok H8 seed=1 (5/15, 70 min)
[screen] start gpu1 H8 seed=2  (6 running)
[screen] ok Fh20 seed=0 (6/15, 76 min)
[screen] start gpu1 H16 seed=2  (6 running)
[screen] ok H16 seed=1 (7/15, 91 min)
[screen] start gpu0 H20 seed=2  (6 running)
[screen] ok H20 seed=1 (8/15, 91 min)
[screen] start gpu0 H32 seed=2  (6 running)
[screen] ok H32 seed=1 (9/15, 93 min)
[screen] start gpu0 Fh20 seed=2  (6 running)
[screen] ok H8 seed=2 (10/15, 138 min)
[screen] ok H16 seed=2 (11/15, 139 min)
[screen] ok Fh20 seed=1 (12/15, 139 min)
[screen] ok H20 seed=2 (13/15, 151 min)
[screen] ok H32 seed=2 (14/15, 151 min)
[screen] ok Fh20 seed=2 (15/15, 159 min)
[screen] all done in 159 min
